Microchip MPLAB XC8 Compiler V2.36

Linker command line:

-W-3 --edf=C:\Program Files\Microchip\xc8\v2.36\pic\dat\en_msgs.txt -cn \
  -h+dist/default/production\PIC18F2550_DS3231.X.production.sym \
  --cmf=dist/default/production\PIC18F2550_DS3231.X.production.cmf -z \
  -Q18F2550 -oC:\Users\carlo\AppData\Local\Temp\xcAsde0.4 \
  --defsym=__MPLAB_BUILD=1 \
  -Mdist/default/production/PIC18F2550_DS3231.X.production.map \
  --md=C:\Users\carlo\AppData\Local\Temp\xcAsde0.dat -E1 -ver=XC8 Compiler \
  -ACODE=00h-07FFFh -ACONST=00h-07FFFh -ASMALLCONST=0800h-08FFhx120 \
  -AMEDIUMCONST=0800h-07FFFh -ACOMRAM=01h-05Fh -AABS1=00h-07FFh \
  -ABIGRAM=01h-07FFh -ARAM=060h-0FFh,0100h-01FFhx7 -ABANK0=060h-0FFh \
  -ABANK1=0100h-01FFh -ABANK2=0200h-02FFh -ABANK3=0300h-03FFh \
  -ABANK4=0400h-04FFh -ABANK5=0500h-05FFh -ABANK6=0600h-06FFh \
  -ABANK7=0700h-07FFh -ASFR=0F60h-0FFFh -ABIGSFR=0F60h-0FFFh \
  -ACONFIG=0300000h-030000Dh -AIDLOC=0200000h-0200007h \
  -AEEDATA=0F00000h-0F000FFh -peeprom_data=EEDATA \
  -preset_vec=00h,intcode,intcodelo,powerup,init -pramtop=0800h \
  -psmallconst=SMALLCONST -pmediumconst=MEDIUMCONST -pconst=CONST \
  -AFARRAM=00h-00h \
  -prdata=COMRAM,nvrram=COMRAM,nvbit=COMRAM,rbss=COMRAM,rbit=COMRAM \
  -pfarbss=FARRAM,fardata=FARRAM,nvFARRAM=FARRAM \
  -pintsave_regs=BIGRAM,bigbss=BIGRAM,bigdata=BIGRAM -pbss=RAM \
  -pidata=CODE,irdata=CODE,ibigdata=CODE,ifardata=CODE -prparam=COMRAM \
  C:\Users\carlo\AppData\Local\Temp\xcAsde0.o \
  dist/default/production\PIC18F2550_DS3231.X.production.o 

Object code version is 3.11

Machine type is 18F2550



                Name                               Link     Load   Length Selector   Space Scale
C:\Users\carlo\AppData\Local\Temp\xcAsde0.o
                idloc                            200000   200000        8        0       5
                config                           300000   300000        E        0       4
                init                                  0        0        4        0       0
dist/default/production\PIC18F2550_DS3231.X.production.o
                idloc                            200000   200000        8        0       5
                config                           300000   300000        E        0       4
                smallconst                          800      800       10      400       0
                text22                              BE8      BE8       16      408       0
                text21                              810      810       6E      408       0
                text20                              C4A      C4A        C      408       0
                text19                              A2C      A2C       42      408       0
                text18                              8E6      8E6       60      408       0
                text17                              C3E      C3E        C      408       0
                text16                              946      946       52      408       0
                text15                              B26      B26       3C      408       0
                text14                              AEA      AEA       3C      408       0
                text13                              C66      C66        8      408       0
                text12                              C5E      C5E        8      408       0
                text11                              C0C      C0C        E      408       0
                text10                              BC0      BC0       28      408       0
                text9                               B98      B98       28      408       0
                text8                               C32      C32        C      408       0
                text7                               C26      C26        C      408       0
                text6                               C1A      C1A        C      408       0
                text5                               C56      C56        8      408       0
                text4                               AAC      AAC       3E      408       0
                text3                               A6E      A6E       3E      408       0
                text2                               9E2      9E2       4A      408       0
                text1                               998      998       4A      408       0
                text0                               87E      87E       68      408       0
                cstackCOMRAM                         1D       1D        6        1       1
                dataCOMRAM                            F        F        E        1       1
                bssCOMRAM                             1        1        E        1       1
                cinit                               B62      B62       36      408       0
                idataCOMRAM                         BFE      BFE        E      408       0

TOTAL           Name                               Link     Load   Length     Space
        CLASS   CODE           
                init                                  0        0        4         0
                text22                              BE8      BE8       16         0
                text21                              810      810       6E         0
                text20                              C4A      C4A        C         0
                text19                              A2C      A2C       42         0
                text18                              8E6      8E6       60         0
                text17                              C3E      C3E        C         0
                text16                              946      946       52         0
                text15                              B26      B26       3C         0
                text14                              AEA      AEA       3C         0
                text13                              C66      C66        8         0
                text12                              C5E      C5E        8         0
                text11                              C0C      C0C        E         0
                text10                              BC0      BC0       28         0
                text9                               B98      B98       28         0
                text8                               C32      C32        C         0
                text7                               C26      C26        C         0
                text6                               C1A      C1A        C         0
                text5                               C56      C56        8         0
                text4                               AAC      AAC       3E         0
                text3                               A6E      A6E       3E         0
                text2                               9E2      9E2       4A         0
                text1                               998      998       4A         0
                text0                               87E      87E       68         0
                cinit                               B62      B62       36         0
                idataCOMRAM                         BFE      BFE        E         0

        CLASS   CONST          

        CLASS   SMALLCONST     
                smallconst                          800      800       10         0

        CLASS   MEDIUMCONST    

        CLASS   COMRAM         
                cstackCOMRAM                         1D       1D        6         1
                dataCOMRAM                            F        F        E         1
                bssCOMRAM                             1        1        E         1

        CLASS   ABS1           

        CLASS   BIGRAM         

        CLASS   RAM            

        CLASS   BANK0          

        CLASS   BANK1          

        CLASS   BANK2          

        CLASS   BANK3          

        CLASS   BANK4          

        CLASS   BANK5          

        CLASS   BANK6          

        CLASS   BANK7          

        CLASS   SFR            

        CLASS   BIGSFR         

        CLASS   CONFIG         
                config                           300000   300000        E         4

        CLASS   IDLOC          
                idloc                            200000   200000        8         5

        CLASS   EEDATA         

        CLASS   FARRAM         

        CLASS   HEAP           

        CLASS   STACK          



SEGMENTS        Name                           Load    Length   Top    Selector   Space  Class

                reset_vec                      000000  000004  000004         0       0  CODE    
                bssCOMRAM                      000001  000022  000023         1       1  COMRAM  
                smallconst                     000800  000010  000810       400       0  SMALLCON
                text21                         000810  00045E  000C6E       408       0  CODE    


UNUSED ADDRESS RANGES

        Name                Unused          Largest block    Delta
        BANK0            000060-0000FF               A0
        BANK1            000100-0001FF              100
        BANK2            000200-0002FF              100
        BANK3            000300-0003FF              100
        BANK4            000400-0004FF              100
        BANK5            000500-0005FF              100
        BANK6            000600-0006FF              100
        BANK7            000700-0007FF              100
        BIGRAM           000023-0007FF              7DD
        BIGSFR           000F60-000FFF               A0
        CODE             000004-0007FF              7FC
                         000C6E-007FFF             7392
        COMRAM           000023-00005F               3D
        CONST            000004-0007FF              7FC
                         000C6E-007FFF             7392
        EEDATA           F00000-F000FF              100
        MEDIUMCONST      000C6E-007FFF             7392
        RAM              000060-0007FF              100
        SFR              000F60-000FFF               A0
        SMALLCONST       000C6E-007FFF              100

                                  Symbol Table

I2C_write@I2C_data       cstackCOMRAM 00001D
LCD_cmd@dato             cstackCOMRAM 00001E
LCD_dato@dato            cstackCOMRAM 00001E
LCD_goto@posicion        cstackCOMRAM 000020
LCD_goto@x               cstackCOMRAM 000021
LCD_goto@y               cstackCOMRAM 00001F
LCD_printf@dato          cstackCOMRAM 00001F
LCD_write@dato           cstackCOMRAM 00001D
_ACKSTAT                 (abs)        007E2E
_ADCON1                  (abs)        000FC1
_Fecha                   dataCOMRAM   00000F
_Hora                    dataCOMRAM   000016
_I2C_ack                 text8        000C32
_I2C_init                text22       000BE8
_I2C_nack                text7        000C26
_I2C_read                text6        000C1A
_I2C_restart             text5        000C56
_I2C_start               text13       000C66
_I2C_stop                text12       000C5E
_I2C_write               text11       000C0C
_LATAbits                (abs)        000F89
_LATBbits                (abs)        000F8A
_LATCbits                (abs)        000F8B
_LCD_cmd                 text20       000C4A
_LCD_dato                text17       000C3E
_LCD_goto                text19       000A2C
_LCD_init                text18       0008E6
_LCD_printf              text16       000946
_LCD_write               text21       000810
_PIR1bits                (abs)        000F9E
_SSPADD                  (abs)        000FC8
_SSPBUF                  (abs)        000FC9
_SSPCON1                 (abs)        000FC6
_SSPCON2                 (abs)        000FC5
_SSPCON2bits             (abs)        000FC5
_SSPSTAT                 (abs)        000FC7
_TRISAbits               (abs)        000F92
_TRISBbits               (abs)        000F93
_TRISCbits               (abs)        000F94
__HRAM                   (abs)        000000
__Habs1                  abs1         000000
__Hbank0                 bank0        000000
__Hbank1                 bank1        000000
__Hbank2                 bank2        000000
__Hbank3                 bank3        000000
__Hbank4                 bank4        000000
__Hbank5                 bank5        000000
__Hbank6                 bank6        000000
__Hbank7                 bank7        000000
__Hbigbss                bigbss       000000
__Hbigdata               bigdata      000000
__Hbigram                bigram       000000
__Hbigsfr                bigsfr       000000
__Hbss                   bss          000000
__HbssCOMRAM             bssCOMRAM    000000
__Hcinit                 cinit        000000
__Hclrtext               clrtext      000000
__Hcomram                comram       000000
__Hconfig                config       30000E
__Hconst                 const        000000
__HcstackCOMRAM          cstackCOMRAM 000000
__Hdata                  data         000000
__HdataCOMRAM            dataCOMRAM   000000
__Heeprom_data           eeprom_data  000000
__Hfarbss                farbss       000000
__Hfardata               fardata      000000
__Hheap                  heap         000000
__Hibigdata              ibigdata     000000
__Hidata                 idata        000000
__HidataCOMRAM           idataCOMRAM  000000
__Hidloc                 idloc        200008
__Hifardata              ifardata     000000
__Hinit                  init         000004
__Hintcode               intcode      000000
__Hintcode_body          intcode_body 000000
__Hintcodelo             intcodelo    000000
__Hintentry              intentry     000000
__Hintret                intret       000000
__Hintsave_regs          intsave_regs 000000
__Hirdata                irdata       000000
__Hmediumconst           mediumconst  000000
__HnvFARRAM              nvFARRAM     000000
__Hnvbit                 nvbit        000000
__Hnvrram                nvrram       000000
__Hparam                 rparam       000000
__Hpowerup               powerup      000000
__Hram                   ram          000000
__Hramtop                ramtop       000800
__Hrbit                  rbit         000000
__Hrbss                  rbss         000000
__Hrdata                 rdata        000000
__Hreset_vec             reset_vec    000000
__Hrparam                rparam       000000
__Hsfr                   sfr          000000
__Hsmallconst            smallconst   000810
__Hspace_0               (abs)        000C6E
__Hspace_1               (abs)        000023
__Hspace_2               (abs)        000000
__Hspace_4               (abs)        60000E
__Hstack                 stack        000000
__Hstruct                struct       000000
__Htemp                  temp         000000
__Htext                  text         000000
__Htext0                 text0        000000
__Htext1                 text1        000000
__Htext10                text10       000000
__Htext11                text11       000000
__Htext12                text12       000000
__Htext13                text13       000000
__Htext14                text14       000000
__Htext15                text15       000000
__Htext16                text16       000000
__Htext17                text17       000000
__Htext18                text18       000000
__Htext19                text19       000000
__Htext2                 text2        000000
__Htext20                text20       000000
__Htext21                text21       000000
__Htext22                text22       000000
__Htext3                 text3        000000
__Htext4                 text4        000000
__Htext5                 text5        000000
__Htext6                 text6        000000
__Htext7                 text7        000000
__Htext8                 text8        000000
__Htext9                 text9        000000
__LRAM                   (abs)        000001
__Labs1                  abs1         000000
__Lbank0                 bank0        000000
__Lbank1                 bank1        000000
__Lbank2                 bank2        000000
__Lbank3                 bank3        000000
__Lbank4                 bank4        000000
__Lbank5                 bank5        000000
__Lbank6                 bank6        000000
__Lbank7                 bank7        000000
__Lbigbss                bigbss       000000
__Lbigdata               bigdata      000000
__Lbigram                bigram       000000
__Lbigsfr                bigsfr       000000
__Lbss                   bss          000000
__LbssCOMRAM             bssCOMRAM    000000
__Lcinit                 cinit        000000
__Lclrtext               clrtext      000000
__Lcomram                comram       000000
__Lconfig                config       000000
__Lconst                 const        000000
__LcstackCOMRAM          cstackCOMRAM 000000
__Ldata                  data         000000
__LdataCOMRAM            dataCOMRAM   000000
__Leeprom_data           eeprom_data  000000
__Lfarbss                farbss       000000
__Lfardata               fardata      000000
__Lheap                  heap         000000
__Libigdata              ibigdata     000000
__Lidata                 idata        000000
__LidataCOMRAM           idataCOMRAM  000000
__Lidloc                 idloc        000000
__Lifardata              ifardata     000000
__Linit                  init         000000
__Lintcode               intcode      000000
__Lintcode_body          intcode_body 000000
__Lintcodelo             intcodelo    000000
__Lintentry              intentry     000000
__Lintret                intret       000000
__Lintsave_regs          intsave_regs 000000
__Lirdata                irdata       000000
__Lmediumconst           mediumconst  000000
__LnvFARRAM              nvFARRAM     000000
__Lnvbit                 nvbit        000000
__Lnvrram                nvrram       000000
__Lparam                 rparam       000000
__Lpowerup               powerup      000000
__Lram                   ram          000000
__Lramtop                ramtop       000800
__Lrbit                  rbit         000000
__Lrbss                  rbss         000000
__Lrdata                 rdata        000000
__Lreset_vec             reset_vec    000000
__Lrparam                rparam       000000
__Lsfr                   sfr          000000
__Lsmallconst            smallconst   000800
__Lspace_0               (abs)        000000
__Lspace_1               (abs)        000000
__Lspace_2               (abs)        000000
__Lspace_4               (abs)        000000
__Lstack                 stack        000000
__Lstruct                struct       000000
__Ltemp                  temp         000000
__Ltext                  text         000000
__Ltext0                 text0        000000
__Ltext1                 text1        000000
__Ltext10                text10       000000
__Ltext11                text11       000000
__Ltext12                text12       000000
__Ltext13                text13       000000
__Ltext14                text14       000000
__Ltext15                text15       000000
__Ltext16                text16       000000
__Ltext17                text17       000000
__Ltext18                text18       000000
__Ltext19                text19       000000
__Ltext2                 text2        000000
__Ltext20                text20       000000
__Ltext21                text21       000000
__Ltext22                text22       000000
__Ltext3                 text3        000000
__Ltext4                 text4        000000
__Ltext5                 text5        000000
__Ltext6                 text6        000000
__Ltext7                 text7        000000
__Ltext8                 text8        000000
__Ltext9                 text9        000000
__S0                     (abs)        000C6E
__S1                     (abs)        000023
__S4                     (abs)        000000
__S5                     (abs)        000000
___heap_hi               (abs)        000000
___heap_lo               (abs)        000000
___inthi_sp              stack        000000
___intlo_sp              stack        000000
___param_bank            (abs)        000000
___rparam_used           (abs)        000001
___sp                    stack        000000
__accesstop              (abs)        000060
__activetblptr           (abs)        000002
__end_of_I2C_ack         text8        000C3E
__end_of_I2C_init        text22       000BFE
__end_of_I2C_nack        text7        000C32
__end_of_I2C_read        text6        000C26
__end_of_I2C_restart     text5        000C5E
__end_of_I2C_start       text13       000C6E
__end_of_I2C_stop        text12       000C66
__end_of_I2C_write       text11       000C1A
__end_of_LCD_cmd         text20       000C56
__end_of_LCD_dato        text17       000C4A
__end_of_LCD_goto        text19       000A6E
__end_of_LCD_init        text18       000946
__end_of_LCD_printf      text16       000998
__end_of_LCD_write       text21       00087E
__end_of__initialization cinit        000B8E
__end_of_convertirFecha  text15       000B62
__end_of_convertirHora   text14       000B26
__end_of_enviar_fecha    text10       000BE8
__end_of_enviar_hora     text9        000BC0
__end_of_leer_fecha      text4        000AEA
__end_of_leer_hora       text3        000AAC
__end_of_main            text0        0008E6
__end_of_mostrar_fecha   text2        000A2C
__end_of_mostrar_hora    text1        0009E2
__initialization         cinit        000B62
__mediumconst            mediumconst  000000
__pbssCOMRAM             bssCOMRAM    000001
__pcinit                 cinit        000B62
__pcstackCOMRAM          cstackCOMRAM 00001D
__pdataCOMRAM            dataCOMRAM   00000F
__pidataCOMRAM           idataCOMRAM  000BFE
__psmallconst            smallconst   000800
__ptext0                 text0        00087E
__ptext1                 text1        000998
__ptext10                text10       000BC0
__ptext11                text11       000C0C
__ptext12                text12       000C5E
__ptext13                text13       000C66
__ptext14                text14       000AEA
__ptext15                text15       000B26
__ptext16                text16       000946
__ptext17                text17       000C3E
__ptext18                text18       0008E6
__ptext19                text19       000A2C
__ptext2                 text2        0009E2
__ptext20                text20       000C4A
__ptext21                text21       000810
__ptext22                text22       000BE8
__ptext3                 text3        000A6E
__ptext4                 text4        000AAC
__ptext5                 text5        000C56
__ptext6                 text6        000C1A
__ptext7                 text7        000C26
__ptext8                 text8        000C32
__ptext9                 text9        000B98
__ramtop                 ramtop       000800
__smallconst             smallconst   000800
_anio                    bssCOMRAM    000009
_convertirFecha          text15       000B26
_convertirHora           text14       000AEA
_dia                     bssCOMRAM    00000B
_enviar_fecha            text10       000BC0
_enviar_hora             text9        000B98
_hora                    bssCOMRAM    00000C
_leer_fecha              text4        000AAC
_leer_hora               text3        000A6E
_main                    text0        00087E
_mes                     bssCOMRAM    00000A
_min                     bssCOMRAM    00000D
_mostrar_fecha           text2        0009E2
_mostrar_hora            text1        000998
_sec                     bssCOMRAM    00000E
convertirFecha@i         cstackCOMRAM 00001D
convertirHora@i          cstackCOMRAM 00001D
end_of_initialization    cinit        000B8E
intlevel0                text         000000
intlevel1                text         000000
intlevel2                text         000000
intlevel3                text         000000
isa$std                  (abs)        000001
isa$xinst                (abs)        000000
stackhi                  (abs)        000000
stacklo                  (abs)        000000
start                    init         000000
start_initialization     cinit        000B62


MODULE INFORMATION

Module		Function		Class		Link	Load	Size
I2C.h
		_I2C_stop      		CODE           	0C5E	0000	8
		_I2C_read      		CODE           	0C1A	0000	12
		_I2C_init      		CODE           	0BE8	0000	22
		_I2C_ack       		CODE           	0C32	0000	12
		_I2C_nack      		CODE           	0C26	0000	12
		_I2C_start     		CODE           	0C66	0000	8
		_I2C_restart   		CODE           	0C56	0000	8
		_I2C_write     		CODE           	0C0C	0000	14

I2C.h estimated size: 96

shared
		__initialization		CODE           	0B62	0000	44

shared estimated size: 44

main.c
		_mostrar_hora  		CODE           	0998	0000	74
		_leer_hora     		CODE           	0A6E	0000	62
		_convertirFecha		CODE           	0B26	0000	60
		_mostrar_fecha 		CODE           	09E2	0000	74
		_main          		CODE           	087E	0000	104
		_leer_fecha    		CODE           	0AAC	0000	62
		_enviar_hora   		CODE           	0B98	0000	40
		_convertirHora 		CODE           	0AEA	0000	60
		_enviar_fecha  		CODE           	0BC0	0000	40

main.c estimated size: 576

LCD.c
		_LCD_goto      		CODE           	0A2C	0000	66
		_LCD_printf    		CODE           	0946	0000	82
		_LCD_write     		CODE           	0810	0000	110
		_LCD_init      		CODE           	08E6	0000	96
		_LCD_cmd       		CODE           	0C4A	0000	12
		_LCD_dato      		CODE           	0C3E	0000	12

LCD.c estimated size: 378

