Microchip MPLAB XC8 Compiler V2.36

Linker command line:

-W-3 --edf=C:\Program Files\Microchip\xc8\v2.36\pic\dat\en_msgs.txt -cn \
  -h+dist/default/production\INTERRUPCIONES_PIC182550.X.production.sym \
  --cmf=dist/default/production\INTERRUPCIONES_PIC182550.X.production.cmf \
  -z -Q18F2550 -oC:\Users\carlo\AppData\Local\Temp\xcAs6lo.4 \
  --defsym=__MPLAB_BUILD=1 \
  -Mdist/default/production/INTERRUPCIONES_PIC182550.X.production.map \
  --md=C:\Users\carlo\AppData\Local\Temp\xcAs6lo.dat -E1 -ver=XC8 Compiler \
  --acfsm=1493 -ACODE=00h-07FFFh -ACONST=00h-07FFFh \
  -ASMALLCONST=0800h-08FFhx120 -AMEDIUMCONST=0800h-07FFFh -ACOMRAM=01h-05Fh \
  -AABS1=00h-07FFh -ABIGRAM=01h-07FFh -ARAM=060h-0FFh,0100h-01FFhx7 \
  -ABANK0=060h-0FFh -ABANK1=0100h-01FFh -ABANK2=0200h-02FFh \
  -ABANK3=0300h-03FFh -ABANK4=0400h-04FFh -ABANK5=0500h-05FFh \
  -ABANK6=0600h-06FFh -ABANK7=0700h-07FFh -ASFR=0F60h-0FFFh \
  -ABIGSFR=0F60h-0FFFh -ACONFIG=0300000h-030000Dh -AIDLOC=0200000h-0200007h \
  -AEEDATA=0F00000h-0F000FFh -peeprom_data=EEDATA \
  -preset_vec=00h,intcode=08h,intcodelo=018h,powerup,init -pramtop=0800h \
  -psmallconst=SMALLCONST -pmediumconst=MEDIUMCONST -pconst=CONST \
  -AFARRAM=00h-00h \
  -prdata=COMRAM,nvrram=COMRAM,nvbit=COMRAM,rbss=COMRAM,rbit=COMRAM \
  -pfarbss=FARRAM,fardata=FARRAM,nvFARRAM=FARRAM \
  -pintsave_regs=BIGRAM,bigbss=BIGRAM,bigdata=BIGRAM -pbss=RAM \
  -pidata=CODE,irdata=CODE,ibigdata=CODE,ifardata=CODE -prparam=COMRAM \
  C:\Users\carlo\AppData\Local\Temp\xcAs6lo.o \
  dist/default/production\INTERRUPCIONES_PIC182550.X.production.o 

Object code version is 3.11

Machine type is 18F2550



                Name                               Link     Load   Length Selector   Space Scale
C:\Users\carlo\AppData\Local\Temp\xcAs6lo.o
                idloc                            200000   200000        8        0       5
                config                           300000   300000        E        0       4
                init                                 C8       C8        4        C       0
                reset_vec                             0        0        4        0       0
dist/default/production\INTERRUPCIONES_PIC182550.X.production.o
                intcodelo                            18       18       B0        C       0
                intcode                               8        8        6        4       0
                idloc                            200000   200000        8        0       5
                config                           300000   300000        E        0       4
                temp                                 4C       4C        1        1       1
                smallconst                          800      800       50      400       0
                text17                              ECC      ECC       16      428       0
                text16                              EF0      EF0        A      428       0
                text15                              BD2      BD2       96      428       0
                text14                              A50      A50       EA      428       0
                text13                              D9E      D9E       62      428       0
                text12                              E4E      E4E       26      428       0
                intcode_body                        C68      C68       70      428       0
                text10                              EB4      EB4       18      428       0
                text9                               EE2      EE2        E      428       0
                text8                               B3A      B3A       98      428       0
                text7                               95E      95E       F2      428       0
                text6                               D3C      D3C       62      428       0
                text5                               E00      E00       28      428       0
                text3                               E98      E98       1C      428       0
                text2                               850      850      10E      428       0
                text1                               CD8      CD8       64      428       0
                text0                               E28      E28       26      428       0
                cstackCOMRAM                         27       27       25        1       1
                cstackBANK0                          60       60       41       60       1
                bssBANK0                             A1       A1        2       60       1
                bssCOMRAM                             1        1       26        1       1
                cinit                               E74      E74       24      428       0

TOTAL           Name                               Link     Load   Length     Space
        CLASS   CODE           
                intcodelo                            18       18       B0         0
                intcode                               8        8        6         0
                init                                 C8       C8        4         0
                reset_vec                             0        0        4         0
                text17                              ECC      ECC       16         0
                text16                              EF0      EF0        A         0
                text15                              BD2      BD2       96         0
                text14                              A50      A50       EA         0
                text13                              D9E      D9E       62         0
                text12                              E4E      E4E       26         0
                intcode_body                        C68      C68       70         0
                text10                              EB4      EB4       18         0
                text9                               EE2      EE2        E         0
                text8                               B3A      B3A       98         0
                text7                               95E      95E       F2         0
                text6                               D3C      D3C       62         0
                text5                               E00      E00       28         0
                text3                               E98      E98       1C         0
                text2                               850      850      10E         0
                text1                               CD8      CD8       64         0
                text0                               E28      E28       26         0
                cinit                               E74      E74       24         0

        CLASS   CONST          

        CLASS   SMALLCONST     
                smallconst                          800      800       50         0

        CLASS   MEDIUMCONST    

        CLASS   COMRAM         
                temp                                 4C       4C        1         1
                cstackCOMRAM                         27       27       25         1
                bssCOMRAM                             1        1       26         1

        CLASS   ABS1           

        CLASS   BIGRAM         

        CLASS   RAM            

        CLASS   BANK0          
                cstackBANK0                          60       60       41         1
                bssBANK0                             A1       A1        2         1

        CLASS   BANK1          

        CLASS   BANK2          

        CLASS   BANK3          

        CLASS   BANK4          

        CLASS   BANK5          

        CLASS   BANK6          

        CLASS   BANK7          

        CLASS   SFR            

        CLASS   BIGSFR         

        CLASS   CONFIG         
                config                           300000   300000        E         4

        CLASS   IDLOC          
                idloc                            200000   200000        8         5

        CLASS   EEDATA         

        CLASS   FARRAM         

        CLASS   HEAP           

        CLASS   STACK          



SEGMENTS        Name                           Load    Length   Top    Selector   Space  Class

                reset_vec                      000000  000004  000004         0       0  CODE    
                bssCOMRAM                      000001  00004C  00004D         1       1  COMRAM  
                intcode                        000008  000006  00000E         4       0  CODE    
                intcodelo                      000018  0000B4  0000CC         C       0  CODE    
                cstackBANK0                    000060  000043  0000A3        60       1  BANK0   
                smallconst                     000800  000050  000850       400       0  SMALLCON
                text2                          000850  0006AA  000EFA       428       0  CODE    


UNUSED ADDRESS RANGES

        Name                Unused          Largest block    Delta
        BANK0            0000A3-0000FF               5D
        BANK1            000100-0001FF              100
        BANK2            000200-0002FF              100
        BANK3            000300-0003FF              100
        BANK4            000400-0004FF              100
        BANK5            000500-0005FF              100
        BANK6            000600-0006FF              100
        BANK7            000700-0007FF              100
        BIGRAM           00004D-00005F               13
                         0000A3-0007FF              75D
        BIGSFR           000F60-000FFF               A0
        CODE             000004-000007                4
                         00000E-000017                A
                         0000CC-0007FF              734
                         000EFA-007FFF             7106
        COMRAM           00004D-00005F               13
        CONST            000004-000007                4
                         00000E-000017                A
                         0000CC-0007FF              734
                         000EFA-007FFF             7106
        EEDATA           F00000-F000FF              100
        MEDIUMCONST      000EFA-007FFF             7106
        RAM              0000A3-0007FF              100
        SFR              000F60-000FFF               A0
        SMALLCONST       000EFA-007FFF              100

                                  Symbol Table

?___aldiv                cstackBANK0  00008A
?_printf                 cstackBANK0  000079
?_vfpfcnvrt              cstackBANK0  00006B
?_vfprintf               cstackBANK0  000071
?i2_printf               cstackCOMRAM 000040
?i2_vfpfcnvrt            cstackCOMRAM 000032
?i2_vfprintf             cstackCOMRAM 000038
UART_init_baud@baudRate  cstackBANK0  000098
UART_init_baud@valor     cstackBANK0  0000A0
UART_write@dato          cstackBANK0  000060
_ADCON1                  (abs)        000FC1
_INTCON2bits             (abs)        000FF1
_INTCON3bits             (abs)        000FF0
_INTCONbits              (abs)        000FF2
_INT_ISR_LOW             intcodelo    000018
_INT_init                text3        000E98
_INT_isr                 intcode      000008
_PIR1bits                (abs)        000F9E
_RCONbits                (abs)        000FD0
_RCREG                   (abs)        000FAE
_RCSTAbits               (abs)        000FAB
_SPBRG                   (abs)        000FAF
_TRISBbits               (abs)        000F93
_TRISCbits               (abs)        000F94
_TXREG                   (abs)        000FAD
_TXSTAbits               (abs)        000FAC
_UART_init_baud          text1        000CD8
_UART_write              text10       000EB4
__HRAM                   (abs)        000000
__Habs1                  abs1         000000
__Hbank0                 bank0        000000
__Hbank1                 bank1        000000
__Hbank2                 bank2        000000
__Hbank3                 bank3        000000
__Hbank4                 bank4        000000
__Hbank5                 bank5        000000
__Hbank6                 bank6        000000
__Hbank7                 bank7        000000
__Hbigbss                bigbss       000000
__Hbigdata               bigdata      000000
__Hbigram                bigram       000000
__Hbigsfr                bigsfr       000000
__Hbss                   bss          000000
__HbssBANK0              bssBANK0     000000
__HbssCOMRAM             bssCOMRAM    000000
__Hcinit                 cinit        000000
__Hclrtext               clrtext      000000
__Hcomram                comram       000000
__Hconfig                config       30000E
__Hconst                 const        000000
__HcstackBANK0           cstackBANK0  000000
__HcstackCOMRAM          cstackCOMRAM 000000
__Hdata                  data         000000
__Heeprom_data           eeprom_data  000000
__Hfarbss                farbss       000000
__Hfardata               fardata      000000
__Hheap                  heap         000000
__Hibigdata              ibigdata     000000
__Hidata                 idata        000000
__Hidloc                 idloc        200008
__Hifardata              ifardata     000000
__Hinit                  init         0000CC
__Hintcode               intcode      00000E
__Hintcode_body          intcode_body 000000
__Hintcodelo             intcodelo    0000C8
__Hintentry              intentry     000000
__Hintret                intret       000000
__Hintsave_regs          intsave_regs 000000
__Hirdata                irdata       000000
__Hmediumconst           mediumconst  000000
__HnvFARRAM              nvFARRAM     000000
__Hnvbit                 nvbit        000000
__Hnvrram                nvrram       000000
__Hparam                 rparam       000000
__Hpowerup               powerup      0000C8
__Hram                   ram          000000
__Hramtop                ramtop       000800
__Hrbit                  rbit         000000
__Hrbss                  rbss         000000
__Hrdata                 rdata        000000
__Hreset_vec             reset_vec    000004
__Hrparam                rparam       000000
__Hsfr                   sfr          000000
__Hsmallconst            smallconst   000850
__Hspace_0               (abs)        000EFA
__Hspace_1               (abs)        0000A3
__Hspace_2               (abs)        000000
__Hspace_4               (abs)        60000E
__Hstack                 stack        000000
__Hstruct                struct       000000
__Htemp                  temp         00004D
__Htext                  text         000000
__Htext0                 text0        000000
__Htext1                 text1        000000
__Htext10                text10       000000
__Htext12                text12       000000
__Htext13                text13       000000
__Htext14                text14       000000
__Htext15                text15       000000
__Htext16                text16       000000
__Htext17                text17       000000
__Htext2                 text2        000000
__Htext3                 text3        000000
__Htext5                 text5        000000
__Htext6                 text6        000000
__Htext7                 text7        000000
__Htext8                 text8        000000
__Htext9                 text9        000000
__LRAM                   (abs)        000001
__Labs1                  abs1         000000
__Lbank0                 bank0        000000
__Lbank1                 bank1        000000
__Lbank2                 bank2        000000
__Lbank3                 bank3        000000
__Lbank4                 bank4        000000
__Lbank5                 bank5        000000
__Lbank6                 bank6        000000
__Lbank7                 bank7        000000
__Lbigbss                bigbss       000000
__Lbigdata               bigdata      000000
__Lbigram                bigram       000000
__Lbigsfr                bigsfr       000000
__Lbss                   bss          000000
__LbssBANK0              bssBANK0     000000
__LbssCOMRAM             bssCOMRAM    000000
__Lcinit                 cinit        000000
__Lclrtext               clrtext      000000
__Lcomram                comram       000000
__Lconfig                config       000000
__Lconst                 const        000000
__LcstackBANK0           cstackBANK0  000000
__LcstackCOMRAM          cstackCOMRAM 000000
__Ldata                  data         000000
__Leeprom_data           eeprom_data  000000
__Lfarbss                farbss       000000
__Lfardata               fardata      000000
__Lheap                  heap         000000
__Libigdata              ibigdata     000000
__Lidata                 idata        000000
__Lidloc                 idloc        000000
__Lifardata              ifardata     000000
__Linit                  init         0000C8
__Lintcode               intcode      000008
__Lintcode_body          intcode_body 000000
__Lintcodelo             intcodelo    000018
__Lintentry              intentry     000000
__Lintret                intret       000000
__Lintsave_regs          intsave_regs 000000
__Lirdata                irdata       000000
__Lmediumconst           mediumconst  000000
__LnvFARRAM              nvFARRAM     000000
__Lnvbit                 nvbit        000000
__Lnvrram                nvrram       000000
__Lparam                 rparam       000000
__Lpowerup               powerup      0000C8
__Lram                   ram          000000
__Lramtop                ramtop       000800
__Lrbit                  rbit         000000
__Lrbss                  rbss         000000
__Lrdata                 rdata        000000
__Lreset_vec             reset_vec    000000
__Lrparam                rparam       000000
__Lsfr                   sfr          000000
__Lsmallconst            smallconst   000800
__Lspace_0               (abs)        000000
__Lspace_1               (abs)        000000
__Lspace_2               (abs)        000000
__Lspace_4               (abs)        000000
__Lstack                 stack        000000
__Lstruct                struct       000000
__Ltemp                  temp         00004C
__Ltext                  text         000000
__Ltext0                 text0        000000
__Ltext1                 text1        000000
__Ltext10                text10       000000
__Ltext12                text12       000000
__Ltext13                text13       000000
__Ltext14                text14       000000
__Ltext15                text15       000000
__Ltext16                text16       000000
__Ltext17                text17       000000
__Ltext2                 text2        000000
__Ltext3                 text3        000000
__Ltext5                 text5        000000
__Ltext6                 text6        000000
__Ltext7                 text7        000000
__Ltext8                 text8        000000
__Ltext9                 text9        000000
__S0                     (abs)        000EFA
__S1                     (abs)        0000A3
__S4                     (abs)        000000
__S5                     (abs)        000000
___aldiv                 text2        000850
___aldiv@counter         cstackBANK0  000092
___aldiv@dividend        cstackBANK0  00008A
___aldiv@divisor         cstackBANK0  00008E
___aldiv@quotient        cstackBANK0  000094
___aldiv@sign            cstackBANK0  000093
___heap_hi               (abs)        000000
___heap_lo               (abs)        000000
___inthi_sp              stack        000000
___intlo_sp              stack        000000
___param_bank            (abs)        000000
___rparam_used           (abs)        000001
___sp                    stack        000000
__accesstop              (abs)        000060
__activetblptr           (abs)        000001
__end_of_INT_ISR_LOW     intcodelo    0000C8
__end_of_INT_init        text3        000EB4
__end_of_INT_isr         intcode_body 000CD8
__end_of_UART_init_baud  text1        000D3C
__end_of_UART_write      text10       000ECC
__end_of___aldiv         text2        00095E
__end_of__initialization cinit        000E86
__end_of_fputc           text8        000BD2
__end_of_main            text0        000E4E
__end_of_printf          text5        000E28
__end_of_putch           text9        000EF0
__end_of_vfpfcnvrt       text7        000A50
__end_of_vfprintf        text6        000D9E
__end_ofi2_UART_write    text17       000EE2
__end_ofi2_fputc         text15       000C68
__end_ofi2_printf        text12       000E74
__end_ofi2_putch         text16       000EFA
__end_ofi2_vfpfcnvrt     text14       000B3A
__end_ofi2_vfprintf      text13       000E00
__initialization         cinit        000E74
__mediumconst            mediumconst  000000
__pbssBANK0              bssBANK0     0000A1
__pbssCOMRAM             bssCOMRAM    000001
__pcinit                 cinit        000E74
__pcstackBANK0           cstackBANK0  000060
__pcstackCOMRAM          cstackCOMRAM 000027
__pintcode               intcode      000008
__pintcode_body          intcode_body 000C68
__pintcodelo             intcodelo    000018
__psmallconst            smallconst   000800
__ptext0                 text0        000E28
__ptext1                 text1        000CD8
__ptext10                text10       000EB4
__ptext12                text12       000E4E
__ptext13                text13       000D9E
__ptext14                text14       000A50
__ptext15                text15       000BD2
__ptext16                text16       000EF0
__ptext17                text17       000ECC
__ptext2                 text2        000850
__ptext3                 text3        000E98
__ptext5                 text5        000E00
__ptext6                 text6        000D3C
__ptext7                 text7        00095E
__ptext8                 text8        000B3A
__ptext9                 text9        000EE2
__ramtop                 ramtop       000800
__smallconst             smallconst   000800
_flags                   bssCOMRAM    000025
_fputc                   text8        000B3A
_main                    text0        000E28
_nout                    bssBANK0     0000A1
_prec                    bssCOMRAM    000023
_printf                  text5        000E00
_putch                   text9        000EE2
_vfpfcnvrt               text7        00095E
_vfprintf                text6        000D3C
_width                   bssCOMRAM    000021
btemp                    temp         00004C
end_of_initialization    cinit        000E86
fputc@c                  cstackBANK0  000062
fputc@fp                 cstackBANK0  000064
i2UART_write@dato        cstackCOMRAM 000027
i2_UART_write            text17       000ECC
i2_fputc                 text15       000BD2
i2_printf                text12       000E4E
i2_putch                 text16       000EF0
i2_vfpfcnvrt             text14       000A50
i2_vfprintf              text13       000D9E
i2fputc@c                cstackCOMRAM 000029
i2fputc@fp               cstackCOMRAM 00002B
i2printf@ap              cstackCOMRAM 000042
i2printf@fmt             cstackCOMRAM 000040
i2putch@dato             cstackCOMRAM 000028
i2vfpfcnvrt@ap           cstackCOMRAM 000036
i2vfpfcnvrt@fmt          cstackCOMRAM 000034
i2vfpfcnvrt@fp           cstackCOMRAM 000032
i2vfprintf@ap            cstackCOMRAM 00003C
i2vfprintf@cfmt          cstackCOMRAM 00003E
i2vfprintf@fmt           cstackCOMRAM 00003A
i2vfprintf@fp            cstackCOMRAM 000038
int$flags                temp         00004C
int_func                 intcode_body 000C68
intlevel0                text         000000
intlevel1                text         000000
intlevel2                text         000000
intlevel3                text         000000
isa$std                  (abs)        000001
isa$xinst                (abs)        000000
printf@ap                cstackBANK0  00007B
printf@fmt               cstackBANK0  000079
putch@dato               cstackBANK0  000061
stackhi                  (abs)        000000
stacklo                  (abs)        000000
start                    init         0000C8
start_initialization     cinit        000E74
ttemp5                   temp         00004D
ttemp6                   temp         000050
ttemp7                   temp         000054
vfpfcnvrt@ap             cstackBANK0  00006F
vfpfcnvrt@fmt            cstackBANK0  00006D
vfpfcnvrt@fp             cstackBANK0  00006B
vfprintf@ap              cstackBANK0  000075
vfprintf@cfmt            cstackBANK0  000077
vfprintf@fmt             cstackBANK0  000073
vfprintf@fp              cstackBANK0  000071
wtemp8                   temp         00004D


MODULE INFORMATION

Module		Function		Class		Link	Load	Size
C:\Program Files\Microchip\xc8\v2.36\pic\sources\c99\common\printf.c
		_printf        		CODE           	0E00	0000	40

C:\Program Files\Microchip\xc8\v2.36\pic\sources\c99\common\printf.c estimated size: 40

./UART.h
		_putch         		CODE           	0EE2	0000	14
		_UART_init_baud		CODE           	0CD8	0000	100
		_UART_write    		CODE           	0EB4	0000	24

./UART.h estimated size: 138

C:\Program Files\Microchip\xc8\v2.36\pic\sources\c99\common\nf_fputc.c
		_fputc         		CODE           	0B3A	0000	152

C:\Program Files\Microchip\xc8\v2.36\pic\sources\c99\common\nf_fputc.c estimated size: 152

C:\Program Files\Microchip\xc8\v2.36\pic\sources\c99\common\doprnt.c
		_vfpfcnvrt     		CODE           	095E	0000	242
		_vfprintf      		CODE           	0D3C	0000	98

C:\Program Files\Microchip\xc8\v2.36\pic\sources\c99\common\doprnt.c estimated size: 340

shared
		i2_printf      		CODE           	0E4E	0000	38
		i2_vfpfcnvrt   		CODE           	0A50	0000	234
		i2_putch       		CODE           	0EF0	0000	10
		i2_vfprintf    		CODE           	0D9E	0000	98
		i2_UART_write  		CODE           	0ECC	0000	22
		__initialization		CODE           	0E74	0000	18
		i2_fputc       		CODE           	0BD2	0000	150

shared estimated size: 570

C:\Program Files\Microchip\xc8\v2.36\pic\sources\c99\common\aldiv.c
		___aldiv       		CODE           	0850	0000	270

C:\Program Files\Microchip\xc8\v2.36\pic\sources\c99\common\aldiv.c estimated size: 270

main.c
		_main          		CODE           	0E28	0000	38
		_INT_isr       		CODE           	0008	0000	118
		_INT_init      		CODE           	0E98	0000	28
		_INT_ISR_LOW   		CODE           	0018	0000	176

main.c estimated size: 360

